============================= test session starts ==============================
platform linux -- Python 3.11.17, pytest-8.1.1, pluggy-1.6.0 -- /usr/local/bin/python
rootdir: /work
plugins: platformdirs-4.12.4
collecting ... collected 104 items

oracle/django/test_class_based_views.py::test_class_based_view_handles_get PASSED [  0%]
oracle/django/test_class_based_views.py::test_class_based_view_handles_post PASSED [  1%]
oracle/django/test_class_based_views.py::test_dispatch_routes_by_method PASSED [  2%]
oracle/django/test_class_based_views.py::test_unhandled_method_is_405 PASSED [  3%]
oracle/django/test_class_based_views.py::test_405_advertises_an_allow_header PASSED [  4%]
oracle/django/test_class_based_views.py::test_class_based_view_receives_captured_parameters PASSED [  5%]
oracle/django/test_class_based_views.py::test_class_based_view_receives_the_request PASSED [  6%]
oracle/django/test_class_based_views.py::test_head_falls_back_to_get PASSED [  7%]
oracle/django/test_class_based_views.py::test_class_based_view_instance_is_per_request PASSED [  8%]
oracle/django/test_class_based_views.py::test_two_class_based_views_dispatch_independently PASSED [  9%]
oracle/django/test_request_object.py::test_request_exposes_method[GET] PASSED [ 10%]
oracle/django/test_request_object.py::test_request_exposes_method[POST] PASSED [ 11%]
oracle/django/test_request_object.py::test_request_exposes_method[PUT] PASSED [ 12%]
oracle/django/test_request_object.py::test_request_exposes_method[DELETE] PASSED [ 13%]
oracle/django/test_request_object.py::test_request_exposes_method[PATCH] PASSED [ 14%]
oracle/django/test_request_object.py::test_request_method_is_upper_case PASSED [ 15%]
oracle/django/test_request_object.py::test_request_exposes_path PASSED   [ 16%]
oracle/django/test_request_object.py::test_request_path_excludes_query_string PASSED [ 17%]
oracle/django/test_request_object.py::test_request_path_for_nested_route PASSED [ 18%]
oracle/django/test_request_object.py::test_request_query_parameter PASSED [ 19%]
oracle/django/test_request_object.py::test_request_missing_query_parameter_default PASSED [ 20%]
oracle/django/test_request_object.py::test_request_query_parameter_values[a] PASSED [ 21%]
oracle/django/test_request_object.py::test_request_query_parameter_values[b b] PASSED [ 22%]
oracle/django/test_request_object.py::test_request_query_parameter_values[1+1] PASSED [ 23%]
oracle/django/test_request_object.py::test_request_query_parameter_values[sp ace] PASSED [ 24%]
oracle/django/test_request_object.py::test_request_multiple_query_parameters PASSED [ 25%]
oracle/django/test_request_object.py::test_request_custom_header PASSED  [ 25%]
oracle/django/test_request_object.py::test_request_header_read_case_insensitively PASSED [ 26%]
oracle/django/test_request_object.py::test_request_missing_header_default PASSED [ 27%]
oracle/django/test_request_object.py::test_request_content_type_header PASSED [ 28%]
oracle/django/test_request_object.py::test_request_body_bytes PASSED     [ 29%]
oracle/django/test_request_object.py::test_request_body_content PASSED   [ 30%]
oracle/django/test_request_object.py::test_request_empty_body PASSED     [ 31%]
oracle/django/test_request_object.py::test_request_json_body_is_readable PASSED [ 32%]
oracle/django/test_request_object.py::test_captured_parameters_passed_to_the_view PASSED [ 33%]
oracle/django/test_request_object.py::test_captured_int_parameter_is_an_int PASSED [ 34%]
oracle/django/test_response_handling.py::test_response_default_status_is_200 PASSED [ 35%]
oracle/django/test_response_handling.py::test_response_body_is_returned PASSED [ 36%]
oracle/django/test_response_handling.py::test_response_has_a_content_type PASSED [ 37%]
oracle/django/test_response_handling.py::test_status_line_is_well_formed PASSED [ 38%]
oracle/django/test_response_handling.py::test_empty_body_is_allowed PASSED [ 39%]
oracle/django/test_response_handling.py::test_response_status_code_is_honoured[200] PASSED [ 40%]
oracle/django/test_response_handling.py::test_response_status_code_is_honoured[201] PASSED [ 41%]
oracle/django/test_response_handling.py::test_response_status_code_is_honoured[202] PASSED [ 42%]
oracle/django/test_response_handling.py::test_response_status_code_is_honoured[400] PASSED [ 43%]
oracle/django/test_response_handling.py::test_response_status_code_is_honoured[404] PASSED [ 44%]
oracle/django/test_response_handling.py::test_response_status_code_is_honoured[418] PASSED [ 45%]
oracle/django/test_response_handling.py::test_response_status_code_is_honoured[500] PASSED [ 46%]
oracle/django/test_response_handling.py::test_created_201_with_body PASSED [ 47%]
oracle/django/test_response_handling.py::test_error_status_with_body PASSED [ 48%]
oracle/django/test_response_handling.py::test_response_custom_header PASSED [ 49%]
oracle/django/test_response_handling.py::test_response_multiple_custom_headers PASSED [ 50%]
oracle/django/test_response_handling.py::test_response_explicit_content_type PASSED [ 50%]
oracle/django/test_response_handling.py::test_response_header_and_status_together PASSED [ 51%]
oracle/django/test_response_handling.py::test_response_body_is_bytes_over_wsgi PASSED [ 52%]
oracle/django/test_response_handling.py::test_response_body_preserves_utf8 PASSED [ 53%]
oracle/django/test_response_handling.py::test_response_is_regenerated_per_request PASSED [ 54%]
oracle/django/test_url_resolution.py::test_static_pattern_resolves PASSED [ 55%]
oracle/django/test_url_resolution.py::test_static_pattern_returns_view_body PASSED [ 56%]
oracle/django/test_url_resolution.py::test_root_pattern_resolves PASSED  [ 57%]
oracle/django/test_url_resolution.py::test_unmatched_path_is_404 PASSED  [ 58%]
oracle/django/test_url_resolution.py::test_two_patterns_resolve_independently PASSED [ 59%]
oracle/django/test_url_resolution.py::test_nested_static_path_resolves PASSED [ 60%]
oracle/django/test_url_resolution.py::test_string_converter_captures_value[alice] PASSED [ 61%]
oracle/django/test_url_resolution.py::test_string_converter_captures_value[bob] PASSED [ 62%]
oracle/django/test_url_resolution.py::test_string_converter_captures_value[a-b_c] PASSED [ 63%]
oracle/django/test_url_resolution.py::test_int_converter_matches_only_digits[42-200] PASSED [ 64%]
oracle/django/test_url_resolution.py::test_int_converter_matches_only_digits[abc-404] PASSED [ 65%]
oracle/django/test_url_resolution.py::test_int_converter_captures_value PASSED [ 66%]
oracle/django/test_url_resolution.py::test_slug_converter PASSED         [ 67%]
oracle/django/test_url_resolution.py::test_path_converter_spans_slashes PASSED [ 68%]
oracle/django/test_url_resolution.py::test_uuid_converter PASSED         [ 69%]
oracle/django/test_url_resolution.py::test_multiple_variable_segments PASSED [ 70%]
oracle/django/test_url_resolution.py::test_variable_segment_does_not_span_slash PASSED [ 71%]
oracle/django/test_url_resolution.py::test_literal_and_variable_segments_combined PASSED [ 72%]
oracle/django/test_url_resolution.py::test_regex_pattern_resolves PASSED [ 73%]
oracle/django/test_url_resolution.py::test_regex_pattern_rejects_non_matching PASSED [ 74%]
oracle/django/test_url_resolution.py::test_resolution_order_first_match_wins PASSED [ 75%]
oracle/django/test_url_resolution.py::test_resolution_is_case_sensitive PASSED [ 75%]
oracle/django/test_url_resolution.py::test_query_string_does_not_affect_resolution PASSED [ 76%]
oracle/django/test_url_resolution.py::test_trailing_slash_is_part_of_the_pattern PASSED [ 77%]
oracle/django/test_url_resolution.py::test_unmatched_nested_path_is_404 PASSED [ 78%]
oracle/django/test_view_dispatch.py::test_view_is_called_for_its_pattern PASSED [ 79%]
oracle/django/test_view_dispatch.py::test_view_not_called_for_other_paths PASSED [ 80%]
oracle/django/test_view_dispatch.py::test_correct_view_among_several PASSED [ 81%]
oracle/django/test_view_dispatch.py::test_view_receives_the_request PASSED [ 82%]
oracle/django/test_view_dispatch.py::test_view_receives_captured_parameters PASSED [ 83%]
oracle/django/test_view_dispatch.py::test_view_return_value_becomes_the_response PASSED [ 84%]
oracle/django/test_view_dispatch.py::test_function_view_receives_any_method[GET] PASSED [ 85%]
oracle/django/test_view_dispatch.py::test_function_view_receives_any_method[POST] PASSED [ 86%]
oracle/django/test_view_dispatch.py::test_function_view_receives_any_method[PUT] PASSED [ 87%]
oracle/django/test_view_dispatch.py::test_function_view_receives_any_method[DELETE] PASSED [ 88%]
oracle/django/test_view_dispatch.py::test_view_can_branch_on_method PASSED [ 89%]
oracle/django/test_view_dispatch.py::test_view_can_reject_a_method PASSED [ 90%]
oracle/django/test_view_dispatch.py::test_no_matching_pattern_is_404 PASSED [ 91%]
oracle/django/test_view_dispatch.py::test_view_raising_is_not_a_200 PASSED [ 92%]
oracle/django/test_view_dispatch.py::test_view_returning_an_error_status PASSED [ 93%]
oracle/django/test_view_dispatch.py::test_each_request_dispatches_once PASSED [ 94%]
oracle/django/test_view_dispatch.py::test_views_do_not_share_state_implicitly PASSED [ 95%]
oracle/django/test_view_dispatch.py::test_captured_parameters_are_per_request PASSED [ 96%]
oracle/django/test_view_dispatch.py::test_dispatch_to_nested_path PASSED [ 97%]
oracle/django/test_view_dispatch.py::test_query_string_reaches_the_view_not_the_resolver PASSED [ 98%]
oracle/django/test_view_dispatch.py::test_two_patterns_to_the_same_view PASSED [ 99%]
oracle/django/test_view_dispatch.py::test_dispatch_with_an_empty_body_post PASSED [100%]

============================= 104 passed in 0.33s ==============================
