============================= test session starts ==============================
platform linux -- Python 3.11.17, pytest-8.1.1, pluggy-1.6.0 -- /usr/local/bin/python
rootdir: /work
plugins: platformdirs-4.12.4
collecting ... collected 140 items

oracle/flask/test_app_context.py::test_current_app_accessible_in_a_view PASSED [  0%]
oracle/flask/test_app_context.py::test_current_app_is_the_handling_application PASSED [  1%]
oracle/flask/test_app_context.py::test_current_app_accessible_from_a_nested_call PASSED [  2%]
oracle/flask/test_app_context.py::test_current_app_distinguishes_two_applications PASSED [  2%]
oracle/flask/test_app_context.py::test_current_app_unavailable_outside_a_request PASSED [  3%]
oracle/flask/test_app_context.py::test_g_is_writable_in_a_view PASSED    [  4%]
oracle/flask/test_app_context.py::test_g_value_readable_back_in_the_same_request PASSED [  5%]
oracle/flask/test_app_context.py::test_g_shared_between_view_and_helper PASSED [  5%]
oracle/flask/test_app_context.py::test_g_is_empty_at_the_start_of_each_request PASSED [  6%]
oracle/flask/test_app_context.py::test_g_does_not_leak_between_sequential_requests PASSED [  7%]
oracle/flask/test_app_context.py::test_g_missing_attribute_raises PASSED [  7%]
oracle/flask/test_app_context.py::test_g_getattr_default_works PASSED    [  8%]
oracle/flask/test_app_context.py::test_g_holds_non_string_values PASSED  [  9%]
oracle/flask/test_app_context.py::test_g_unavailable_outside_a_request PASSED [ 10%]
oracle/flask/test_app_context.py::test_request_accessible_in_the_same_context PASSED [ 10%]
oracle/flask/test_app_context.py::test_request_and_g_coexist PASSED      [ 11%]
oracle/flask/test_app_context.py::test_current_app_and_g_coexist PASSED  [ 12%]
oracle/flask/test_app_context.py::test_g_is_isolated_between_concurrent_threads PASSED [ 12%]
oracle/flask/test_app_context.py::test_current_app_is_correct_in_concurrent_threads PASSED [ 13%]
oracle/flask/test_app_context.py::test_context_is_released_after_the_request PASSED [ 14%]
oracle/flask/test_app_context.py::test_many_sequential_requests_keep_context_clean PASSED [ 15%]
oracle/flask/test_blueprints.py::test_blueprint_can_be_constructed PASSED [ 15%]
oracle/flask/test_blueprints.py::test_blueprint_route_is_reachable_after_registration PASSED [ 16%]
oracle/flask/test_blueprints.py::test_blueprint_route_returns_its_body PASSED [ 17%]
oracle/flask/test_blueprints.py::test_unregistered_blueprint_route_is_not_reachable PASSED [ 17%]
oracle/flask/test_blueprints.py::test_blueprint_with_several_routes PASSED [ 18%]
oracle/flask/test_blueprints.py::test_url_prefix_is_applied PASSED       [ 19%]
oracle/flask/test_blueprints.py::test_route_not_reachable_without_the_prefix PASSED [ 20%]
oracle/flask/test_blueprints.py::test_all_blueprint_routes_inherit_the_prefix PASSED [ 20%]
oracle/flask/test_blueprints.py::test_prefix_with_multiple_segments PASSED [ 21%]
oracle/flask/test_blueprints.py::test_blueprint_root_route_under_prefix PASSED [ 22%]
oracle/flask/test_blueprints.py::test_two_blueprints_with_different_prefixes PASSED [ 22%]
oracle/flask/test_blueprints.py::test_blueprint_without_prefix_mounts_at_root PASSED [ 23%]
oracle/flask/test_blueprints.py::test_variable_segment_inside_a_blueprint PASSED [ 24%]
oracle/flask/test_blueprints.py::test_variable_segment_values_inside_a_blueprint[one] PASSED [ 25%]
oracle/flask/test_blueprints.py::test_variable_segment_values_inside_a_blueprint[2] PASSED [ 25%]
oracle/flask/test_blueprints.py::test_variable_segment_values_inside_a_blueprint[three-3] PASSED [ 26%]
oracle/flask/test_blueprints.py::test_method_filtering_inside_a_blueprint PASSED [ 27%]
oracle/flask/test_blueprints.py::test_multi_method_route_inside_a_blueprint PASSED [ 27%]
oracle/flask/test_blueprints.py::test_blueprint_and_app_routes_coexist PASSED [ 28%]
oracle/flask/test_blueprints.py::test_prefix_does_not_leak_to_app_routes PASSED [ 29%]
oracle/flask/test_blueprints.py::test_three_blueprints_mounted_together PASSED [ 30%]
oracle/flask/test_blueprints.py::test_unknown_path_under_a_prefix_is_404 PASSED [ 30%]
oracle/flask/test_request_handling.py::test_request_exposes_method[GET] PASSED [ 31%]
oracle/flask/test_request_handling.py::test_request_exposes_method[POST] PASSED [ 32%]
oracle/flask/test_request_handling.py::test_request_exposes_method[PUT] PASSED [ 32%]
oracle/flask/test_request_handling.py::test_request_exposes_method[DELETE] PASSED [ 33%]
oracle/flask/test_request_handling.py::test_request_exposes_method[PATCH] PASSED [ 34%]
oracle/flask/test_request_handling.py::test_request_method_is_upper_case PASSED [ 35%]
oracle/flask/test_request_handling.py::test_request_exposes_path PASSED  [ 35%]
oracle/flask/test_request_handling.py::test_request_path_excludes_query_string PASSED [ 36%]
oracle/flask/test_request_handling.py::test_request_path_for_nested_route PASSED [ 37%]
oracle/flask/test_request_handling.py::test_request_query_parameter PASSED [ 37%]
oracle/flask/test_request_handling.py::test_request_missing_query_parameter_is_empty PASSED [ 38%]
oracle/flask/test_request_handling.py::test_request_query_parameter_values[a] PASSED [ 39%]
oracle/flask/test_request_handling.py::test_request_query_parameter_values[b b] PASSED [ 40%]
oracle/flask/test_request_handling.py::test_request_query_parameter_values[1+1] PASSED [ 40%]
oracle/flask/test_request_handling.py::test_request_query_parameter_values[sp ace] PASSED [ 41%]
oracle/flask/test_request_handling.py::test_request_query_parameter_values[\xfc] PASSED [ 42%]
oracle/flask/test_request_handling.py::test_request_multiple_query_parameters PASSED [ 42%]
oracle/flask/test_request_handling.py::test_request_query_parameter_empty_value PASSED [ 43%]
oracle/flask/test_request_handling.py::test_request_custom_header PASSED [ 44%]
oracle/flask/test_request_handling.py::test_request_header_read_case_insensitively PASSED [ 45%]
oracle/flask/test_request_handling.py::test_request_missing_header_default PASSED [ 45%]
oracle/flask/test_request_handling.py::test_request_content_type_header PASSED [ 46%]
oracle/flask/test_request_handling.py::test_request_body_bytes PASSED    [ 47%]
oracle/flask/test_request_handling.py::test_request_body_content PASSED  [ 47%]
oracle/flask/test_request_handling.py::test_request_empty_body PASSED    [ 48%]
oracle/flask/test_request_handling.py::test_request_json_body_is_readable PASSED [ 49%]
oracle/flask/test_request_handling.py::test_request_body_with_explicit_content_type PASSED [ 50%]
oracle/flask/test_request_handling.py::test_request_body_not_consumed_by_routing PASSED [ 50%]
oracle/flask/test_response_rendering.py::test_string_return_is_200 PASSED [ 51%]
oracle/flask/test_response_rendering.py::test_string_return_becomes_the_body PASSED [ 52%]
oracle/flask/test_response_rendering.py::test_response_has_a_content_type PASSED [ 52%]
oracle/flask/test_response_rendering.py::test_status_line_is_well_formed PASSED [ 53%]
oracle/flask/test_response_rendering.py::test_empty_body_is_allowed PASSED [ 54%]
oracle/flask/test_response_rendering.py::test_response_status_code_is_honoured[200] PASSED [ 55%]
oracle/flask/test_response_rendering.py::test_response_status_code_is_honoured[201] PASSED [ 55%]
oracle/flask/test_response_rendering.py::test_response_status_code_is_honoured[202] PASSED [ 56%]
oracle/flask/test_response_rendering.py::test_response_status_code_is_honoured[400] PASSED [ 57%]
oracle/flask/test_response_rendering.py::test_response_status_code_is_honoured[404] PASSED [ 57%]
oracle/flask/test_response_rendering.py::test_response_status_code_is_honoured[418] PASSED [ 58%]
oracle/flask/test_response_rendering.py::test_response_status_code_is_honoured[500] PASSED [ 59%]
oracle/flask/test_response_rendering.py::test_created_201_with_body PASSED [ 60%]
oracle/flask/test_response_rendering.py::test_error_status_with_body PASSED [ 60%]
oracle/flask/test_response_rendering.py::test_response_custom_header PASSED [ 61%]
oracle/flask/test_response_rendering.py::test_response_multiple_custom_headers PASSED [ 62%]
oracle/flask/test_response_rendering.py::test_response_explicit_content_type PASSED [ 62%]
oracle/flask/test_response_rendering.py::test_response_header_and_status_together PASSED [ 63%]
oracle/flask/test_response_rendering.py::test_response_object_carries_body PASSED [ 64%]
oracle/flask/test_response_rendering.py::test_response_body_is_bytes_over_wsgi PASSED [ 65%]
oracle/flask/test_response_rendering.py::test_response_body_preserves_utf8 PASSED [ 65%]
oracle/flask/test_response_rendering.py::test_response_content_length_matches_body PASSED [ 66%]
oracle/flask/test_response_rendering.py::test_distinct_routes_get_distinct_responses PASSED [ 67%]
oracle/flask/test_response_rendering.py::test_response_is_regenerated_per_request PASSED [ 67%]
oracle/flask/test_templating.py::test_renders_literal_text PASSED        [ 68%]
oracle/flask/test_templating.py::test_renders_a_variable PASSED          [ 69%]
oracle/flask/test_templating.py::test_renders_multiple_variables PASSED  [ 70%]
oracle/flask/test_templating.py::test_variable_not_left_in_output PASSED [ 70%]
oracle/flask/test_templating.py::test_renders_a_for_loop PASSED          [ 71%]
oracle/flask/test_templating.py::test_renders_a_conditional_true_branch PASSED [ 72%]
oracle/flask/test_templating.py::test_renders_a_conditional_false_branch PASSED [ 72%]
oracle/flask/test_templating.py::test_renders_a_filter PASSED            [ 73%]
oracle/flask/test_templating.py::test_renders_dict_access PASSED         [ 74%]
oracle/flask/test_templating.py::test_renders_attribute_access PASSED    [ 75%]
oracle/flask/test_templating.py::test_renders_nested_loop_and_conditional PASSED [ 75%]
oracle/flask/test_templating.py::test_renders_arithmetic_expression PASSED [ 76%]
oracle/flask/test_templating.py::test_rendered_output_becomes_the_response_body PASSED [ 77%]
oracle/flask/test_templating.py::test_renders_inside_a_request_with_request_data PASSED [ 77%]
oracle/flask/test_templating.py::test_autoescapes_html_in_a_variable PASSED [ 78%]
oracle/flask/test_url_routing.py::test_route_accepts_rule_string PASSED  [ 79%]
oracle/flask/test_url_routing.py::test_static_route_returns_view_body PASSED [ 80%]
oracle/flask/test_url_routing.py::test_root_route PASSED                 [ 80%]
oracle/flask/test_url_routing.py::test_unregistered_path_is_404 PASSED   [ 81%]
oracle/flask/test_url_routing.py::test_two_routes_dispatch_independently PASSED [ 82%]
oracle/flask/test_url_routing.py::test_response_is_200_with_a_body PASSED [ 82%]
oracle/flask/test_url_routing.py::test_variable_segment_value_reaches_view[alice] PASSED [ 83%]
oracle/flask/test_url_routing.py::test_variable_segment_value_reaches_view[bob] PASSED [ 84%]
oracle/flask/test_url_routing.py::test_variable_segment_value_reaches_view[123] PASSED [ 85%]
oracle/flask/test_url_routing.py::test_variable_segment_value_reaches_view[a-b_c] PASSED [ 85%]
oracle/flask/test_url_routing.py::test_variable_segment_matches_any_single_segment PASSED [ 86%]
oracle/flask/test_url_routing.py::test_variable_segment_does_not_span_slash PASSED [ 87%]
oracle/flask/test_url_routing.py::test_variable_segment_requires_a_value PASSED [ 87%]
oracle/flask/test_url_routing.py::test_multiple_variable_segments[/mix/x/9-expected0] PASSED [ 88%]
oracle/flask/test_url_routing.py::test_multiple_variable_segments[/mix/y/0-expected1] PASSED [ 89%]
oracle/flask/test_url_routing.py::test_variable_and_literal_segments_combined PASSED [ 90%]
oracle/flask/test_url_routing.py::test_static_route_takes_precedence_over_variable PASSED [ 90%]
oracle/flask/test_url_routing.py::test_default_route_allows_get PASSED   [ 91%]
oracle/flask/test_url_routing.py::test_method_restricted_route_accepts_its_method PASSED [ 92%]
oracle/flask/test_url_routing.py::test_method_restricted_route_rejects_other_method PASSED [ 92%]
oracle/flask/test_url_routing.py::test_multi_method_route_accepts_each[GET] PASSED [ 93%]
oracle/flask/test_url_routing.py::test_multi_method_route_accepts_each[POST] PASSED [ 94%]
oracle/flask/test_url_routing.py::test_multi_method_route_accepts_each[PUT] PASSED [ 95%]
oracle/flask/test_url_routing.py::test_multi_method_route_accepts_each[DELETE] PASSED [ 95%]
oracle/flask/test_url_routing.py::test_method_not_in_list_is_rejected PASSED [ 96%]
oracle/flask/test_url_routing.py::test_405_advertises_an_allow_header PASSED [ 97%]
oracle/flask/test_url_routing.py::test_method_filtering_is_per_route PASSED [ 97%]
oracle/flask/test_url_routing.py::test_path_matching_is_case_sensitive PASSED [ 98%]
oracle/flask/test_url_routing.py::test_query_string_does_not_affect_matching PASSED [ 99%]
oracle/flask/test_url_routing.py::test_unregistered_method_on_unregistered_path_is_404 PASSED [100%]

============================= 140 passed in 0.19s ==============================
